posted fact [FT-0968]: Spain still garrisons a handful of tiny islets off Morocco's Mediterra
state: FT-0969 recorded on main (attempt 1)
posted fact [FT-0969]: Aruba, Curaçao and Sint Maarten are constituent countries of the Kingd
done: 5 fact(s) posted

=== 2026-09-23T20:16:54Z  run 853  status=success
facts: read 1106 rows from origin/main (authoritative)
catching up: 3 fact slots elapsed since the last post
state: FT-0970 recorded on main (attempt 1)
posted fact [FT-0970]: France's overseas department of French Guiana, on South America's nort
state: FT-0971 recorded on main (attempt 1)
posted fact [FT-0971]: Greenland voted to leave the European Communities in 1985, decades bef
state: FT-0972 recorded on main (attempt 1)
posted fact [FT-0972]: The Falkland Islands are self-governing under British sovereignty, but
done: 3 fact(s) posted

=== 2026-09-23T23:40:03Z  run 854  status=success
facts: read 1106 rows from origin/main (authoritative)
catching up: 3 fact slots elapsed since the last post
state: FT-0973 recorded on main (attempt 1)
posted fact [FT-0973]: Near the Zambezi River, Zambia, Zimbabwe, Botswana and Namibia sit so 
state: FT-0974 recorded on main (attempt 1)
posted fact [FT-0974]: The Four Corners Monument in the American Southwest marks the only spo
state: FT-0975 recorded on main (attempt 1)
posted fact [FT-0975]: The self-declared Nagorno-Karabakh Republic, known to Armenians as Art
done: 3 fact(s) posted

=== 2026-09-24T04:41:19Z  run 855  status=success
facts: read 1106 rows from origin/main (authoritative)
catching up: 4 fact slots elapsed since the last post
state: FT-0976 recorded on main (attempt 1)
posted fact [FT-0976]: Northern Cyprus declared independence in 1983 and is recognized by exa
state: FT-0977 recorded on main (attempt 1)
posted fact [FT-0977]: Abkhazia and South Ossetia broke from Georgia in the 1990s; Russia rec
state: FT-0978 recorded on main (attempt 1)
posted fact [FT-0978]: Egypt and Sudan have disputed the Halaib Triangle, a Red Sea coastal w
state: FT-0979 recorded on main (attempt 1)
posted fact [FT-0979]: Taiwan runs its own government, military and elections, but only a sma
done: 4 fact(s) posted

=== 2026-09-24T09:59:04Z  run 856  status=failure
facts: read 1106 rows from origin/main (authoritative)
catching up: 5 fact slots elapsed since the last post
state: FT-0980 recorded on main (attempt 1)
posted fact [FT-0980]: The Sahrawi Arab Democratic Republic has belonged to the African Union
state: FT-0981 recorded on main (attempt 1)
posted fact [FT-0981]: Kashmir has been divided between India and Pakistan by a ceasefire lin
state: FT-0982 recorded on main (attempt 1)
posted fact [FT-0982]: Palestine is recognized as a state by more than 100 UN member states a
state: FT-0983 recorded on main (attempt 1)
X API error 503: {"detail":"Service Unavailable","status":503,"title":"Service Unavailable","type":"about:blank"}

=== 2026-09-24T14:57:00Z  run 857  status=success
facts: read 1106 rows from origin/main (authoritative)
state: FT-0984 recorded on main (attempt 1)
posted fact [FT-0984]: Crimea was annexed by Russia in 2014 in a move most of the world's gov
done: 1 fact(s) posted

=== 2026-09-24T19:02:41Z  run 858  status=success
facts: read 1106 rows from origin/main (authoritative)
state: FT-0985 recorded on main (attempt 1)
posted fact [FT-0985]: Spain has claimed Gibraltar since Britain took it in 1713, even though
done: 1 fact(s) posted

=== 2026-09-24T22:18:57Z  run 859  status=success
facts: read 1106 rows from origin/main (authoritative)
state: FT-0986 recorded on main (attempt 1)
posted fact [FT-0986]: Bougainville voted 98% for independence from Papua New Guinea in a 201
done: 1 fact(s) posted

=== 2026-09-25T01:24:31Z  run 860  status=success
facts: read 1106 rows from origin/main (authoritative)
state: FT-0987 recorded on main (attempt 1)
posted fact [FT-0987]: Andorra's head of state is shared by two people at once: the President
done: 1 fact(s) posted

=== 2026-09-25T07:40:17Z  run 861  status=success
facts: read 1106 rows from origin/main (authoritative)
state: FT-0988 recorded on main (attempt 1)
posted fact [FT-0988]: San Marino has no single president — it's led by two Captains Regent, 
done: 1 fact(s) posted

=== 2026-09-25T13:39:13Z  run 862  status=success
facts: read 1106 rows from origin/main (authoritative)
state: FT-0989 recorded on main (attempt 1)
posted fact [FT-0989]: Niue is self-governing in free association with New Zealand and has no
done: 1 fact(s) posted

=== 2026-09-25T18:30:07Z  run 863  status=success
facts: read 1106 rows from origin/main (authoritative)
state: FT-0990 recorded on main (attempt 1)
posted fact [FT-0990]: The Cook Islands sign their own international treaties despite not hol
done: 1 fact(s) posted

=== 2026-09-25T22:14:02Z  run 864  status=success
facts: read 1106 rows from origin/main (authoritative)
state: FT-0991 recorded on main (attempt 1)
posted fact [FT-0991]: Monaco, San Marino, Vatican City and Andorra all mint limited runs of 
done: 1 fact(s) posted

=== 2026-09-26T01:28:09Z  run 865  status=success
facts: read 1106 rows from origin/main (authoritative)
state: FT-0992 recorded on main (attempt 1)
posted fact [FT-0992]: Palau, the Marshall Islands and Micronesia are independent states whos
done: 1 fact(s) posted

=== 2026-09-26T07:33:30Z  run 866  status=success
facts: read 1106 rows from origin/main (authoritative)
state: FT-0993 recorded on main (attempt 1)
posted fact [FT-0993]: Liechtenstein has used the Swiss franc since 1920 and shares a customs
done: 1 fact(s) posted

=== 2026-09-26T12:59:53Z  run 867  status=success
facts: read 1106 rows from origin/main (authoritative)
state: FT-0994 recorded on main (attempt 1)
posted fact [FT-0994]: Tokelau, a New Zealand territory of about 1,500 people spread across t
done: 1 fact(s) posted

=== 2026-09-26T17:05:21Z  run 868  status=success
facts: read 1106 rows from origin/main (authoritative)
state: FT-0995 recorded on main (attempt 1)
posted fact [FT-0995]: The Cook Islands and Niue both issue their own collector coins and pos
done: 1 fact(s) posted

=== 2026-09-26T21:02:39Z  run 869  status=success
facts: read 1106 rows from origin/main (authoritative)
state: FT-0996 recorded on main (attempt 1)
posted fact [FT-0996]: Sri Lanka's official capital is Sri Jayawardenepura Kotte, a suburb of
done: 1 fact(s) posted

=== 2026-09-26T23:33:41Z  run 870  status=success
facts: read 1106 rows from origin/main (authoritative)
state: FT-0997 recorded on main (attempt 1)
posted fact [FT-0997]: Switzerland's constitution names no official capital; Bern serves as t
done: 1 fact(s) posted

=== 2026-09-27T05:10:25Z  run 871  status=success
facts: read 1106 rows from origin/main (authoritative)
state: FT-0998 recorded on main (attempt 1)
posted fact [FT-0998]: Israel considers Jerusalem its capital, but for decades most foreign e
done: 1 fact(s) posted

=== 2026-09-27T11:55:08Z  run 872  status=success
facts: read 1106 rows from origin/main (authoritative)
state: FT-0999 recorded on main (attempt 1)
posted fact [FT-0999]: Brazil moved its capital from coastal Rio de Janeiro to the purpose-bu
done: 1 fact(s) posted

=== 2026-09-27T16:53:48Z  run 873  status=success
facts: read 1106 rows from origin/main (authoritative)
state: FT-1000 recorded on main (attempt 1)
posted fact [FT-1000]: Ivory Coast's official capital, Yamoussoukro, was the birthplace of it
done: 1 fact(s) posted

=== 2026-09-27T20:04:10Z  run 874  status=success
facts: read 1106 rows from origin/main (authoritative)
state: FT-1001 recorded on main (attempt 1)
posted fact [FT-1001]: Washington, D.C. belongs to no US state by design, a deliberate choice
done: 1 fact(s) posted

=== 2026-09-27T22:59:36Z  run 875  status=success
facts: read 1106 rows from origin/main (authoritative)
state: FT-1002 recorded on main (attempt 1)
posted fact [FT-1002]: Canberra was purpose-built in the early 20th century as a compromise c
done: 1 fact(s) posted

=== 2026-09-28T01:34:09Z  run 876  status=success
facts: read 1106 rows from origin/main (authoritative)
state: FT-1003 recorded on main (attempt 1)
posted fact [FT-1003]: Ottawa became Canada's capital in 1857 partly because Queen Victoria f
done: 1 fact(s) posted

=== 2026-09-28T08:37:25Z  run 877  status=success
facts: read 1106 rows from origin/main (authoritative)
state: FT-1004 recorded on main (attempt 1)
posted fact [FT-1004]: Islamabad was built from scratch starting in 1960 to replace Karachi a
done: 1 fact(s) posted

=== 2026-09-28T17:36:17Z  run 878  status=success
facts: read 1106 rows from origin/main (authoritative)
state: FT-1005 recorded on main (attempt 1)
posted fact [FT-1005]: Putrajaya functions as Malaysia's administrative capital, built in the
done: 1 fact(s) posted

=== 2026-09-28T23:12:04Z  run 879  status=success
facts: read 1106 rows from origin/main (authoritative)
state: FT-1006 recorded on main (attempt 1)
posted fact [FT-1006]: South Tarawa, capital of Kiribati, ranks among the most densely popula
done: 1 fact(s) posted

=== 2026-09-29T05:36:00Z  run 880  status=success
facts: read 1106 rows from origin/main (authoritative)
state: FT-1007 recorded on main (attempt 1)
posted fact [FT-1007]: Libya's flag from 1977 to 2011 was a single solid field of green with 
done: 1 fact(s) posted

=== 2026-09-29T12:41:52Z  run 881  status=success
facts: read 1106 rows from origin/main (authoritative)
state: FT-1008 recorded on main (attempt 1)
posted fact [FT-1008]: Paraguay's flag is the only national flag with a different emblem on e
done: 1 fact(s) posted

=== 2026-09-29T18:34:31Z  run 882  status=success
facts: read 1106 rows from origin/main (authoritative)
state: FT-1009 recorded on main (attempt 1)
posted fact [FT-1009]: Denmark's Dannebrog pattern inspired the flags of Sweden, Norway, Finl
done: 1 fact(s) posted

=== 2026-09-29T22:55:37Z  run 883  status=success
facts: read 1106 rows from origin/main (authoritative)
state: FT-1010 recorded on main (attempt 1)
posted fact [FT-1010]: New Zealand, Australia, Samoa and Papua New Guinea all place the South
done: 1 fact(s) posted

=== 2026-09-30T02:01:21Z  run 884  status=success
facts: read 1106 rows from origin/main (authoritative)
state: FT-1011 recorded on main (attempt 1)
posted fact [FT-1011]: Bhutan's flag features a dragon clutching jewels, representing the cou
done: 1 fact(s) posted

=== 2026-09-30T08:24:40Z  run 885  status=success
facts: read 1106 rows from origin/main (authoritative)
state: FT-1012 recorded on main (attempt 1)
posted fact [FT-1012]: Kosovo's flag avoids any single ethnic group's traditional colors, sho
done: 1 fact(s) posted

=== 2026-09-30T15:51:49Z  run 886  status=success
facts: read 1106 rows from origin/main (authoritative)
state: FT-1013 recorded on main (attempt 1)
posted fact [FT-1013]: Ethiopia's green, yellow and red tricolor, never redesigned under colo
done: 1 fact(s) posted

=== 2026-09-30T20:45:19Z  run 887  status=success
facts: read 1106 rows from origin/main (authoritative)
state: FT-1014 recorded on main (attempt 1)
posted fact [FT-1014]: Somalia's flag carries a single five-pointed star, historically said t
done: 1 fact(s) posted

=== 2026-10-01T00:30:14Z  run 888  status=success
facts: read 1106 rows from origin/main (authoritative)
state: FT-1015 recorded on main (attempt 1)
posted fact [FT-1015]: The Union Jack combines the crosses of England's St George, Scotland's
done: 1 fact(s) posted

=== 2026-10-01T07:08:24Z  run 889  status=success
facts: read 1106 rows from origin/main (authoritative)
state: FT-1016 recorded on main (attempt 1)
posted fact [FT-1016]: Canada only adopted its maple leaf flag in 1965, replacing the Red Ens
done: 1 fact(s) posted

=== 2026-10-01T15:23:12Z  run 890  status=success
facts: read 1106 rows from origin/main (authoritative)
state: FT-1017 recorded on main (attempt 1)
posted fact [FT-1017]: Portugal's flag carries an armillary sphere, a navigational instrument
done: 1 fact(s) posted

=== 2026-10-01T20:59:00Z  run 891  status=success
facts: read 1106 rows from origin/main (authoritative)
state: FT-1018 recorded on main (attempt 1)
posted fact [FT-1018]: Colombia, Venezuela and Ecuador all fly variations of the same yellow-
done: 1 fact(s) posted

=== 2026-10-02T00:41:44Z  run 892  status=success
facts: read 1106 rows from origin/main (authoritative)
state: FT-1019 recorded on main (attempt 1)
posted fact [FT-1019]: Rabindranath Tagore wrote the lyrics behind two national anthems, Indi
done: 1 fact(s) posted

=== 2026-10-02T06:57:00Z  run 893  status=success
facts: read 1106 rows from origin/main (authoritative)
state: FT-1020 recorded on main (attempt 1)
posted fact [FT-1020]: Japan's anthem, Kimigayo, pairs some of the oldest lyrics of any natio
done: 1 fact(s) posted

=== 2026-10-02T13:47:39Z  run 894  status=success
facts: read 1106 rows from origin/main (authoritative)
state: FT-1021 recorded on main (attempt 1)
posted fact [FT-1021]: Spain, San Marino, Kosovo and Bosnia and Herzegovina are the only four
done: 1 fact(s) posted

=== 2026-10-02T19:11:35Z  run 895  status=success
facts: read 1106 rows from origin/main (authoritative)
state: FT-1022 recorded on main (attempt 1)
posted fact [FT-1022]: Uruguay's national anthem runs roughly five to six minutes in full per
done: 1 fact(s) posted

=== 2026-10-02T23:43:07Z  run 896  status=success
facts: read 1106 rows from origin/main (authoritative)
state: FT-1023 recorded on main (attempt 1)
posted fact [FT-1023]: Greece and Cyprus share the same national anthem, "Hymn to Liberty," a
done: 1 fact(s) posted

=== 2026-10-03T05:08:51Z  run 897  status=success
facts: read 1106 rows from origin/main (authoritative)
state: FT-1024 recorded on main (attempt 1)
posted fact [FT-1024]: Tanzania, Zambia and post-apartheid South Africa each built part of th
done: 1 fact(s) posted

=== 2026-10-03T11:33:25Z  run 898  status=success
facts: read 1106 rows from origin/main (authoritative)
state: FT-1025 recorded on main (attempt 1)
posted fact [FT-1025]: The United Kingdom's "God Save the King" has never been made official 
done: 1 fact(s) posted

=== 2026-10-03T16:09:54Z  run 899  status=success
facts: read 1106 rows from origin/main (authoritative)
state: FT-1026 recorded on main (attempt 1)
posted fact [FT-1026]: Liechtenstein's national anthem is set to the exact same melody as the
done: 1 fact(s) posted

=== 2026-10-03T19:47:44Z  run 900  status=success
facts: read 1106 rows from origin/main (authoritative)
state: FT-1027 recorded on main (attempt 1)
posted fact [FT-1027]: South Africa's national anthem is sung in five different languages wit
done: 1 fact(s) posted

=== 2026-10-03T22:49:59Z  run 901  status=success
facts: read 1106 rows from origin/main (authoritative)
state: FT-1028 recorded on main (attempt 1)
posted fact [FT-1028]: Israel's anthem, "Hatikvah," is set to a centuries-old melody with roo
done: 1 fact(s) posted

=== 2026-10-04T02:31:49Z  run 902  status=success
facts: read 1106 rows from origin/main (authoritative)
state: FT-1029 recorded on main (attempt 1)
posted fact [FT-1029]: Wales sings "Hen Wlad Fy Nhadau" at national sporting events, even tho
done: 1 fact(s) posted

=== 2026-10-04T09:37:49Z  run 903  status=success
facts: read 1106 rows from origin/main (authoritative)
state: FT-1030 recorded on main (attempt 1)
posted fact [FT-1030]: Canada, Australia and New Zealand all used "God Save the Queen" or "th
done: 1 fact(s) posted

=== 2026-10-04T15:17:58Z  run 904  status=success
facts: read 1106 rows from origin/main (authoritative)
state: FT-1031 recorded on main (attempt 1)
posted fact [FT-1031]: India's national anthem has an official short version, lasting well un
done: 1 fact(s) posted

=== 2026-10-04T19:33:38Z  run 905  status=success
facts: read 1106 rows from origin/main (authoritative)
state: FT-1032 recorded on main (attempt 1)
posted fact [FT-1032]: New Zealand's Chatham Islands run 45 minutes ahead of the mainland, on
done: 1 fact(s) posted

=== 2026-10-04T23:00:56Z  run 906  status=success
facts: read 1106 rows from origin/main (authoritative)
state: FT-1033 recorded on main (attempt 1)
posted fact [FT-1033]: India and Sri Lanka both keep a single time zone offset by exactly 30 
done: 1 fact(s) posted

=== 2026-10-05T01:52:39Z  run 907  status=success
facts: read 1106 rows from origin/main (authoritative)
state: FT-1034 recorded on main (attempt 1)
posted fact [FT-1034]: South Australia and the Northern Territory sit 30 minutes off Eastern 
done: 1 fact(s) posted

=== 2026-10-05T08:52:34Z  run 908  status=success
facts: read 1106 rows from origin/main (authoritative)
state: FT-1035 recorded on main (attempt 1)
posted fact [FT-1035]: North Korea created its own "Pyongyang Time," UTC+8:30, in 2015 to mar
done: 1 fact(s) posted

=== 2026-10-05T18:20:01Z  run 909  status=success
facts: read 1106 rows from origin/main (authoritative)
state: FT-1036 recorded on main (attempt 1)
posted fact [FT-1036]: The Eastern Orthodox churches of Russia, Georgia, Serbia and Jerusalem
done: 1 fact(s) posted

=== 2026-10-06T00:45:37Z  run 910  status=success
facts: read 1106 rows from origin/main (authoritative)
state: FT-1037 recorded on main (attempt 1)
posted fact [FT-1037]: Afghanistan's Solar Hijri calendar counts years from the Prophet Muham
done: 1 fact(s) posted

=== 2026-10-06T07:29:12Z  run 911  status=success
facts: read 1106 rows from origin/main (authoritative)
state: FT-1038 recorded on main (attempt 1)
posted fact [FT-1038]: Iran's new year, Nowruz, falls precisely on the spring equinox each ye
done: 1 fact(s) posted

=== 2026-10-06T15:02:26Z  run 912  status=success
facts: read 1106 rows from origin/main (authoritative)
state: FT-1039 recorded on main (attempt 1)
posted fact [FT-1039]: The Hebrew calendar counts years from a traditional creation date arou
done: 1 fact(s) posted

=== 2026-10-06T20:12:46Z  run 913  status=success
facts: read 1106 rows from origin/main (authoritative)
state: FT-1040 recorded on main (attempt 1)
posted fact [FT-1040]: China's Lunar New Year shifts against the fixed Gregorian calendar eve
done: 1 fact(s) posted

=== 2026-10-07T00:36:38Z  run 914  status=success
facts: read 1106 rows from origin/main (authoritative)
state: FT-1041 recorded on main (attempt 1)
posted fact [FT-1041]: Myanmar uses a 30-minute offset, UTC+6:30, one of just a handful of co
done: 1 fact(s) posted

